// Jest Snapshot v1, https://goo.gl/fbAQLP

exports[`App visual test 1`] = `
<div
  class="App"
>
  <header
    class="App-header"
  >
    <img
      alt="logo"
      class="App-logo"
      src="logo.svg"
    />
    <p>
      Edit 
      <code>
        src/App.js
      </code>
       and save to reload.
    </p>
    <a
      class="App-link"
      data-testid="learn-link"
      href="https://ultimateqa.com"
      rel="noopener noreferrer"
      target="_blank"
    >
      Learn React
    </a>
  </header>
</div>
`;
